mock\util\FlexibleInteger.class
mock\util\FlexibleStringDeserializer.class
mock\model\CreationMode.class
mock\controller\DoController.class
mock\model\scripted_api\ScenarioRequestDTO.class
mock\service\ScenarioService.class
mock\model\IResponse.class
mock\model\error_response\ErrorResponse.class
mock\model\util\Response.class
mock\util\FlexibleDouble.class
mock\model\util\UtilResult.class
mock\service\HeaderService.class
mock\service\ResponseService.class
mock\util\FlexiblePhoneDeserializer.class
mock\config\GlobalRequestLogger.class
mock\model\test_connection\TestConnectionArray.class
mock\util\FlexibleFloat.class
mock\service\DoService.class
mock\model\table_value\TableValue.class
mock\util\FlexibleDateDeserializer.class
mock\service\TestConnectionService.class
mock\config\DelayConfig.class
mock\util\FlexibleBoolean.class
mock\model\error_response\ErrorBody.class
mock\util\FlexibleLong.class
mock\config\MyIdentityProvider.class
mock\util\RestClientLogger.class
mock\service\FileReaderService.class
mock\service\TableService.class
mock\config\NotFoundExceptionMapper.class
mock\controller\MockController.class
mock\controller\ScenarioMockController.class
mock\util\FlexiblePrimitiveDeserializer.class
mock\controller\UtilController.class
mock\model\scripted_api\ScenarioResponseDTO.class
mock\model\SetTableDTO.class
mock\model\Auth.class
mock\model\table_value\TableResult.class
mock\model\table_value\AllTablesResult.class
mock\model\test_connection\InnerObject.class
mock\model\test_connection\TestConnection.class
