F:\IdeaProjects\mock\src\main\java\mock\config\DelayConfig.java
F:\IdeaProjects\mock\src\main\java\mock\config\GlobalRequestLogger.java
F:\IdeaProjects\mock\src\main\java\mock\config\MyIdentityProvider.java
F:\IdeaProjects\mock\src\main\java\mock\config\NotFoundExceptionMapper.java
F:\IdeaProjects\mock\src\main\java\mock\controller\DoController.java
F:\IdeaProjects\mock\src\main\java\mock\controller\MockController.java
F:\IdeaProjects\mock\src\main\java\mock\controller\ScenarioMockController.java
F:\IdeaProjects\mock\src\main\java\mock\controller\UtilController.java
F:\IdeaProjects\mock\src\main\java\mock\model\Auth.java
F:\IdeaProjects\mock\src\main\java\mock\model\CreationMode.java
F:\IdeaProjects\mock\src\main\java\mock\model\error_response\ErrorBody.java
F:\IdeaProjects\mock\src\main\java\mock\model\error_response\ErrorResponse.java
F:\IdeaProjects\mock\src\main\java\mock\model\IResponse.java
F:\IdeaProjects\mock\src\main\java\mock\model\scripted_api\ScenarioRequestDTO.java
F:\IdeaProjects\mock\src\main\java\mock\model\scripted_api\ScenarioResponseDTO.java
F:\IdeaProjects\mock\src\main\java\mock\model\SetTableDTO.java
F:\IdeaProjects\mock\src\main\java\mock\model\table_value\AllTablesResult.java
F:\IdeaProjects\mock\src\main\java\mock\model\table_value\TableResult.java
F:\IdeaProjects\mock\src\main\java\mock\model\table_value\TableValue.java
F:\IdeaProjects\mock\src\main\java\mock\model\test_connection\InnerObject.java
F:\IdeaProjects\mock\src\main\java\mock\model\test_connection\TestConnection.java
F:\IdeaProjects\mock\src\main\java\mock\model\test_connection\TestConnectionArray.java
F:\IdeaProjects\mock\src\main\java\mock\model\util\Response.java
F:\IdeaProjects\mock\src\main\java\mock\model\util\UtilResult.java
F:\IdeaProjects\mock\src\main\java\mock\service\DoService.java
F:\IdeaProjects\mock\src\main\java\mock\service\FileReaderService.java
F:\IdeaProjects\mock\src\main\java\mock\service\HeaderService.java
F:\IdeaProjects\mock\src\main\java\mock\service\ResponseService.java
F:\IdeaProjects\mock\src\main\java\mock\service\ScenarioService.java
F:\IdeaProjects\mock\src\main\java\mock\service\TableService.java
F:\IdeaProjects\mock\src\main\java\mock\service\TestConnectionService.java
F:\IdeaProjects\mock\src\main\java\mock\util\FlexibleBoolean.java
F:\IdeaProjects\mock\src\main\java\mock\util\FlexibleDateDeserializer.java
F:\IdeaProjects\mock\src\main\java\mock\util\FlexibleDouble.java
F:\IdeaProjects\mock\src\main\java\mock\util\FlexibleFloat.java
F:\IdeaProjects\mock\src\main\java\mock\util\FlexibleInteger.java
F:\IdeaProjects\mock\src\main\java\mock\util\FlexibleLong.java
F:\IdeaProjects\mock\src\main\java\mock\util\FlexiblePhoneDeserializer.java
F:\IdeaProjects\mock\src\main\java\mock\util\FlexiblePrimitiveDeserializer.java
F:\IdeaProjects\mock\src\main\java\mock\util\FlexibleStringDeserializer.java
F:\IdeaProjects\mock\src\main\java\mock\util\RestClientLogger.java
